// Jest Snapshot v1, https://goo.gl/fbAQLP

exports[`index.html snapshot of main 1`] = `"<article class=\\"red\\"><header><p>♥</p><p>2</p></header><h1>♥</h1><footer><p>♥</p><p>2</p></footer></article><article class=\\"red\\"><header><p>♥</p><p>3</p></header><h1>♥</h1><footer><p>♥</p><p>3</p></footer></article><article class=\\"red\\"><header><p>♥</p><p>4</p></header><h1>♥</h1><footer><p>♥</p><p>4</p></footer></article><article class=\\"red\\"><header><p>♥</p><p>5</p></header><h1>♥</h1><footer><p>♥</p><p>5</p></footer></article><article class=\\"red\\"><header><p>♥</p><p>6</p></header><h1>♥</h1><footer><p>♥</p><p>6</p></footer></article><article class=\\"red\\"><header><p>♥</p><p>7</p></header><h1>♥</h1><footer><p>♥</p><p>7</p></footer></article><article class=\\"red\\"><header><p>♥</p><p>8</p></header><h1>♥</h1><footer><p>♥</p><p>8</p></footer></article><article class=\\"red\\"><header><p>♥</p><p>9</p></header><h1>♥</h1><footer><p>♥</p><p>9</p></footer></article><article class=\\"red\\"><header><p>♥</p><p>10</p></header><h1>♥</h1><footer><p>♥</p><p>10</p></footer></article><article class=\\"red\\"><header><p>♥</p><p>J</p></header><h1>♥</h1><footer><p>♥</p><p>J</p></footer></article><article class=\\"red\\"><header><p>♥</p><p>D</p></header><h1>♥</h1><footer><p>♥</p><p>D</p></footer></article><article class=\\"red\\"><header><p>♥</p><p>K</p></header><h1>♥</h1><footer><p>♥</p><p>K</p></footer></article><article class=\\"red\\"><header><p>♥</p><p>A</p></header><h1>♥</h1><footer><p>♥</p><p>A</p></footer></article><article class=\\"black\\"><header><p>♣</p><p>2</p></header><h1>♣</h1><footer><p>♣</p><p>2</p></footer></article><article class=\\"black\\"><header><p>♣</p><p>3</p></header><h1>♣</h1><footer><p>♣</p><p>3</p></footer></article><article class=\\"black\\"><header><p>♣</p><p>4</p></header><h1>♣</h1><footer><p>♣</p><p>4</p></footer></article><article class=\\"black\\"><header><p>♣</p><p>5</p></header><h1>♣</h1><footer><p>♣</p><p>5</p></footer></article><article class=\\"black\\"><header><p>♣</p><p>6</p></header><h1>♣</h1><footer><p>♣</p><p>6</p></footer></article><article class=\\"black\\"><header><p>♣</p><p>7</p></header><h1>♣</h1><footer><p>♣</p><p>7</p></footer></article><article class=\\"black\\"><header><p>♣</p><p>8</p></header><h1>♣</h1><footer><p>♣</p><p>8</p></footer></article><article class=\\"black\\"><header><p>♣</p><p>9</p></header><h1>♣</h1><footer><p>♣</p><p>9</p></footer></article><article class=\\"black\\"><header><p>♣</p><p>10</p></header><h1>♣</h1><footer><p>♣</p><p>10</p></footer></article><article class=\\"black\\"><header><p>♣</p><p>J</p></header><h1>♣</h1><footer><p>♣</p><p>J</p></footer></article><article class=\\"black\\"><header><p>♣</p><p>D</p></header><h1>♣</h1><footer><p>♣</p><p>D</p></footer></article><article class=\\"black\\"><header><p>♣</p><p>K</p></header><h1>♣</h1><footer><p>♣</p><p>K</p></footer></article><article class=\\"black\\"><header><p>♣</p><p>A</p></header><h1>♣</h1><footer><p>♣</p><p>A</p></footer></article><article class=\\"red\\"><header><p>♦</p><p>2</p></header><h1>♦</h1><footer><p>♦</p><p>2</p></footer></article><article class=\\"red\\"><header><p>♦</p><p>3</p></header><h1>♦</h1><footer><p>♦</p><p>3</p></footer></article><article class=\\"red\\"><header><p>♦</p><p>4</p></header><h1>♦</h1><footer><p>♦</p><p>4</p></footer></article><article class=\\"red\\"><header><p>♦</p><p>5</p></header><h1>♦</h1><footer><p>♦</p><p>5</p></footer></article><article class=\\"red\\"><header><p>♦</p><p>6</p></header><h1>♦</h1><footer><p>♦</p><p>6</p></footer></article><article class=\\"red\\"><header><p>♦</p><p>7</p></header><h1>♦</h1><footer><p>♦</p><p>7</p></footer></article><article class=\\"red\\"><header><p>♦</p><p>8</p></header><h1>♦</h1><footer><p>♦</p><p>8</p></footer></article><article class=\\"red\\"><header><p>♦</p><p>9</p></header><h1>♦</h1><footer><p>♦</p><p>9</p></footer></article><article class=\\"red\\"><header><p>♦</p><p>10</p></header><h1>♦</h1><footer><p>♦</p><p>10</p></footer></article><article class=\\"red\\"><header><p>♦</p><p>J</p></header><h1>♦</h1><footer><p>♦</p><p>J</p></footer></article><article class=\\"red\\"><header><p>♦</p><p>D</p></header><h1>♦</h1><footer><p>♦</p><p>D</p></footer></article><article class=\\"red\\"><header><p>♦</p><p>K</p></header><h1>♦</h1><footer><p>♦</p><p>K</p></footer></article><article class=\\"red\\"><header><p>♦</p><p>A</p></header><h1>♦</h1><footer><p>♦</p><p>A</p></footer></article><article class=\\"black\\"><header><p>♠</p><p>2</p></header><h1>♠</h1><footer><p>♠</p><p>2</p></footer></article><article class=\\"black\\"><header><p>♠</p><p>3</p></header><h1>♠</h1><footer><p>♠</p><p>3</p></footer></article><article class=\\"black\\"><header><p>♠</p><p>4</p></header><h1>♠</h1><footer><p>♠</p><p>4</p></footer></article><article class=\\"black\\"><header><p>♠</p><p>5</p></header><h1>♠</h1><footer><p>♠</p><p>5</p></footer></article><article class=\\"black\\"><header><p>♠</p><p>6</p></header><h1>♠</h1><footer><p>♠</p><p>6</p></footer></article><article class=\\"black\\"><header><p>♠</p><p>7</p></header><h1>♠</h1><footer><p>♠</p><p>7</p></footer></article><article class=\\"black\\"><header><p>♠</p><p>8</p></header><h1>♠</h1><footer><p>♠</p><p>8</p></footer></article><article class=\\"black\\"><header><p>♠</p><p>9</p></header><h1>♠</h1><footer><p>♠</p><p>9</p></footer></article><article class=\\"black\\"><header><p>♠</p><p>10</p></header><h1>♠</h1><footer><p>♠</p><p>10</p></footer></article><article class=\\"black\\"><header><p>♠</p><p>J</p></header><h1>♠</h1><footer><p>♠</p><p>J</p></footer></article><article class=\\"black\\"><header><p>♠</p><p>D</p></header><h1>♠</h1><footer><p>♠</p><p>D</p></footer></article><article class=\\"black\\"><header><p>♠</p><p>K</p></header><h1>♠</h1><footer><p>♠</p><p>K</p></footer></article><article class=\\"black\\"><header><p>♠</p><p>A</p></header><h1>♠</h1><footer><p>♠</p><p>A</p></footer></article>"`;
